// Jest Snapshot v1, https://goo.gl/fbAQLP

exports[`Todo tasks list: Snapshot test 1`] = `
<div>
  <div
    class="task card"
  >
    <div
      class="card-body"
    >
      <div
        class="row"
      >
        <div
          class="col"
        >
          Plan the requirements for the next release.
        </div>
        <div
          class="col"
        >
          Alejandro Matthews
        </div>
      </div>
    </div>
  </div>
  <div
    class="task card"
  >
    <div
      class="card-body"
    >
      <div
        class="row"
      >
        <div
          class="col"
        >
          Meet with the stakeholders to discuss the new requirements.
        </div>
        <div
          class="col"
        >
          Alejandro Matthews
        </div>
      </div>
    </div>
  </div>
</div>
`;
