// Jest Snapshot v1, https://goo.gl/fbAQLP

exports[`Users list component: displays a list of users 1`] = `
<div>
  <ul>
    <li>
      George
       
      Daniels
       
      <i>
        role: 
        developer
      </i>
    </li>
    <li>
      Nick
       
      Gates
       
      <i>
        role: 
        graphic designer
      </i>
    </li>
  </ul>
</div>
`;
